// Jest Snapshot v1, https://goo.gl/fbAQLP

exports[`Logger renders logs 1`] = `
Array [
  Object {
    "props": Object {},
    "transform": Array [
      1,
      0,
      0,
      1,
      0,
      0,
    ],
    "type": "beginPath",
  },
  Object {
    "props": Object {
      "height": 200,
      "width": 200,
      "x": 200,
      "y": 200,
    },
    "transform": Array [
      1,
      0,
      0,
      1,
      0,
      0,
    ],
    "type": "rect",
  },
]
`;
